STDOUT TEST
node : STDERR TEST
At line:1 char:1
+ node -e 
"console.log('STDOUT 
TEST'); 
console.error('STDERR 
TEST')" >  ...
+ ~~~~~~~~~~~~~~~~~~~~
~~~~~~~~~~~~~~~~~~~~~~
~~~~~~~~~~~~~~~~~~~~~~
~~~~~
    + CategoryInfo    
          : NotSpeci  
  fied: (STDERR TES   
 T:String) [], Rem    
oteException
    + FullyQualifiedE 
   rrorId : NativeCo  
  mmandError
 
